Archive member included because of file (symbol)

h:/imt school/imt_sdk_win_64/winavr/bin/../lib/gcc/avr/4.3.3/avr5\libgcc.a(_exit.o)
                              h:/imt school/imt_sdk_win_64/winavr/bin/../lib/gcc/avr/4.3.3/../../../../avr/lib/avr5/crtm32.o (exit)
h:/imt school/imt_sdk_win_64/winavr/bin/../lib/gcc/avr/4.3.3/avr5\libgcc.a(_clear_bss.o)
                              ./EXTI0_program.o (__do_clear_bss)

Allocating common symbols
Common symbol       size              file

Data                0x1               ./Mine_Detector_main.o
EXTI0_CallBack      0x2               ./EXTI0_program.o

Memory Configuration

Name             Origin             Length             Attributes
text             0x00000000         0x00020000         xr
data             0x00800060         0x0000ffa0         rw !x
eeprom           0x00810000         0x00010000         rw !x
fuse             0x00820000         0x00000400         rw !x
lock             0x00830000         0x00000400         rw !x
signature        0x00840000         0x00000400         rw !x
*default*        0x00000000         0xffffffff

Linker script and memory map

LOAD h:/imt school/imt_sdk_win_64/winavr/bin/../lib/gcc/avr/4.3.3/../../../../avr/lib/avr5/crtm32.o
LOAD ./DIO_program.o
LOAD ./EXTI0_program.o
LOAD ./GIE_programe.o
LOAD ./L298_program.o
LOAD ./Mine_Detector_main.o
LOAD ./UART_program.o
LOAD h:/imt school/imt_sdk_win_64/winavr/bin/../lib/gcc/avr/4.3.3/avr5\libgcc.a
LOAD h:/imt school/imt_sdk_win_64/winavr/bin/../lib/gcc/avr/4.3.3/../../../../avr/lib/avr5\libc.a
LOAD h:/imt school/imt_sdk_win_64/winavr/bin/../lib/gcc/avr/4.3.3/avr5\libgcc.a

.hash
 *(.hash)

.dynsym
 *(.dynsym)

.dynstr
 *(.dynstr)

.gnu.version
 *(.gnu.version)

.gnu.version_d
 *(.gnu.version_d)

.gnu.version_r
 *(.gnu.version_r)

.rel.init
 *(.rel.init)

.rela.init
 *(.rela.init)

.rel.text
 *(.rel.text)
 *(.rel.text.*)
 *(.rel.gnu.linkonce.t*)

.rela.text
 *(.rela.text)
 *(.rela.text.*)
 *(.rela.gnu.linkonce.t*)

.rel.fini
 *(.rel.fini)

.rela.fini
 *(.rela.fini)

.rel.rodata
 *(.rel.rodata)
 *(.rel.rodata.*)
 *(.rel.gnu.linkonce.r*)

.rela.rodata
 *(.rela.rodata)
 *(.rela.rodata.*)
 *(.rela.gnu.linkonce.r*)

.rel.data
 *(.rel.data)
 *(.rel.data.*)
 *(.rel.gnu.linkonce.d*)

.rela.data
 *(.rela.data)
 *(.rela.data.*)
 *(.rela.gnu.linkonce.d*)

.rel.ctors
 *(.rel.ctors)

.rela.ctors
 *(.rela.ctors)

.rel.dtors
 *(.rel.dtors)

.rela.dtors
 *(.rela.dtors)

.rel.got
 *(.rel.got)

.rela.got
 *(.rela.got)

.rel.bss
 *(.rel.bss)

.rela.bss
 *(.rela.bss)

.rel.plt
 *(.rel.plt)

.rela.plt
 *(.rela.plt)

.text           0x00000000      0xb80
 *(.vectors)
 .vectors       0x00000000       0x54 h:/imt school/imt_sdk_win_64/winavr/bin/../lib/gcc/avr/4.3.3/../../../../avr/lib/avr5/crtm32.o
                0x00000000                __vectors
                0x00000000                __vector_default
 *(.vectors)
 *(.progmem.gcc*)
 *(.progmem*)
                0x00000054                . = ALIGN (0x2)
                0x00000054                __trampolines_start = .
 *(.trampolines)
 .trampolines   0x00000054        0x0 linker stubs
 *(.trampolines*)
                0x00000054                __trampolines_end = .
 *(.jumptables)
 *(.jumptables*)
 *(.lowtext)
 *(.lowtext*)
                0x00000054                __ctors_start = .
 *(.ctors)
                0x00000054                __ctors_end = .
                0x00000054                __dtors_start = .
 *(.dtors)
                0x00000054                __dtors_end = .
 SORT(*)(.ctors)
 SORT(*)(.dtors)
 *(.init0)
 .init0         0x00000054        0x0 h:/imt school/imt_sdk_win_64/winavr/bin/../lib/gcc/avr/4.3.3/../../../../avr/lib/avr5/crtm32.o
                0x00000054                __init
 *(.init0)
 *(.init1)
 *(.init1)
 *(.init2)
 .init2         0x00000054        0xc h:/imt school/imt_sdk_win_64/winavr/bin/../lib/gcc/avr/4.3.3/../../../../avr/lib/avr5/crtm32.o
 *(.init2)
 *(.init3)
 *(.init3)
 *(.init4)
 .init4         0x00000060       0x10 h:/imt school/imt_sdk_win_64/winavr/bin/../lib/gcc/avr/4.3.3/avr5\libgcc.a(_clear_bss.o)
                0x00000060                __do_clear_bss
 *(.init4)
 *(.init5)
 *(.init5)
 *(.init6)
 *(.init6)
 *(.init7)
 *(.init7)
 *(.init8)
 *(.init8)
 *(.init9)
 .init9         0x00000070        0x8 h:/imt school/imt_sdk_win_64/winavr/bin/../lib/gcc/avr/4.3.3/../../../../avr/lib/avr5/crtm32.o
 *(.init9)
 *(.text)
 .text          0x00000078        0x4 h:/imt school/imt_sdk_win_64/winavr/bin/../lib/gcc/avr/4.3.3/../../../../avr/lib/avr5/crtm32.o
                0x00000078                __vector_12
                0x00000078                __bad_interrupt
                0x00000078                __vector_6
                0x00000078                __vector_3
                0x00000078                __vector_11
                0x00000078                __vector_13
                0x00000078                __vector_17
                0x00000078                __vector_19
                0x00000078                __vector_7
                0x00000078                __vector_5
                0x00000078                __vector_4
                0x00000078                __vector_9
                0x00000078                __vector_2
                0x00000078                __vector_15
                0x00000078                __vector_8
                0x00000078                __vector_14
                0x00000078                __vector_10
                0x00000078                __vector_16
                0x00000078                __vector_18
                0x00000078                __vector_20
 .text          0x0000007c        0x0 ./DIO_program.o
 .text          0x0000007c        0x0 ./EXTI0_program.o
 .text          0x0000007c        0x0 ./GIE_programe.o
 .text          0x0000007c        0x0 ./L298_program.o
 .text          0x0000007c        0x0 ./Mine_Detector_main.o
 .text          0x0000007c        0x0 ./UART_program.o
 .text          0x0000007c        0x0 h:/imt school/imt_sdk_win_64/winavr/bin/../lib/gcc/avr/4.3.3/avr5\libgcc.a(_exit.o)
 .text          0x0000007c        0x0 h:/imt school/imt_sdk_win_64/winavr/bin/../lib/gcc/avr/4.3.3/avr5\libgcc.a(_clear_bss.o)
                0x0000007c                . = ALIGN (0x2)
 *(.text.*)
 .text.DIO_voidSetPinDirection
                0x0000007c      0x204 ./DIO_program.o
                0x0000007c                DIO_voidSetPinDirection
 .text.DIO_voidSetPinValue
                0x00000280      0x204 ./DIO_program.o
                0x00000280                DIO_voidSetPinValue
 .text.DIO_VoidSetPortDirection
                0x00000484       0x84 ./DIO_program.o
                0x00000484                DIO_VoidSetPortDirection
 .text.DIO_VoidSetPortValue
                0x00000508       0x84 ./DIO_program.o
                0x00000508                DIO_VoidSetPortValue
 .text.DIO_u8GetPinValue
                0x0000058c       0xf2 ./DIO_program.o
                0x0000058c                DIO_u8GetPinValue
 .text.EXTI0_voidInit
                0x0000067e       0x38 ./EXTI0_program.o
                0x0000067e                EXTI0_voidInit
 .text.EXTI0_voidSenseControl
                0x000006b6       0xd0 ./EXTI0_program.o
                0x000006b6                EXTI0_voidSenseControl
 .text.EXTIO_voidSetCallBack
                0x00000786       0x24 ./EXTI0_program.o
                0x00000786                EXTIO_voidSetCallBack
 .text.GIE_voidEnable
                0x000007aa       0x1c ./GIE_programe.o
                0x000007aa                GIE_voidEnable
 .text.GIE_voidDisable
                0x000007c6       0x1c ./GIE_programe.o
                0x000007c6                GIE_voidDisable
 .text.L298_voidSetMotorsDirection
                0x000007e2      0x138 ./L298_program.o
                0x000007e2                L298_voidSetMotorsDirection
 .text.main     0x0000091a       0x50 ./Mine_Detector_main.o
                0x0000091a                main
 .text.detection
                0x0000096a       0x3a ./Mine_Detector_main.o
                0x0000096a                detection
 .text.motion   0x000009a4       0x8e ./Mine_Detector_main.o
                0x000009a4                motion
 .text.__vector_1
                0x00000a32       0x54 ./Mine_Detector_main.o
                0x00000a32                __vector_1
 .text.UART_voidInit
                0x00000a86       0x96 ./UART_program.o
                0x00000a86                UART_voidInit
 .text.UART_voidSendData
                0x00000b1c       0x38 ./UART_program.o
                0x00000b1c                UART_voidSendData
 .text.UART_u8ReceiveData
                0x00000b54       0x28 ./UART_program.o
                0x00000b54                UART_u8ReceiveData
 .text.libgcc   0x00000b7c        0x0 h:/imt school/imt_sdk_win_64/winavr/bin/../lib/gcc/avr/4.3.3/avr5\libgcc.a(_exit.o)
 .text.libgcc   0x00000b7c        0x0 h:/imt school/imt_sdk_win_64/winavr/bin/../lib/gcc/avr/4.3.3/avr5\libgcc.a(_clear_bss.o)
                0x00000b7c                . = ALIGN (0x2)
 *(.fini9)
 .fini9         0x00000b7c        0x0 h:/imt school/imt_sdk_win_64/winavr/bin/../lib/gcc/avr/4.3.3/avr5\libgcc.a(_exit.o)
                0x00000b7c                exit
                0x00000b7c                _exit
 *(.fini9)
 *(.fini8)
 *(.fini8)
 *(.fini7)
 *(.fini7)
 *(.fini6)
 *(.fini6)
 *(.fini5)
 *(.fini5)
 *(.fini4)
 *(.fini4)
 *(.fini3)
 *(.fini3)
 *(.fini2)
 *(.fini2)
 *(.fini1)
 *(.fini1)
 *(.fini0)
 .fini0         0x00000b7c        0x4 h:/imt school/imt_sdk_win_64/winavr/bin/../lib/gcc/avr/4.3.3/avr5\libgcc.a(_exit.o)
 *(.fini0)
                0x00000b80                _etext = .

.data           0x00800060        0x0 load address 0x00000b80
                0x00800060                PROVIDE (__data_start, .)
 *(.data)
 .data          0x00800060        0x0 h:/imt school/imt_sdk_win_64/winavr/bin/../lib/gcc/avr/4.3.3/../../../../avr/lib/avr5/crtm32.o
 .data          0x00800060        0x0 ./DIO_program.o
 .data          0x00800060        0x0 ./EXTI0_program.o
 .data          0x00800060        0x0 ./GIE_programe.o
 .data          0x00800060        0x0 ./L298_program.o
 .data          0x00800060        0x0 ./Mine_Detector_main.o
 .data          0x00800060        0x0 ./UART_program.o
 .data          0x00800060        0x0 h:/imt school/imt_sdk_win_64/winavr/bin/../lib/gcc/avr/4.3.3/avr5\libgcc.a(_exit.o)
 .data          0x00800060        0x0 h:/imt school/imt_sdk_win_64/winavr/bin/../lib/gcc/avr/4.3.3/avr5\libgcc.a(_clear_bss.o)
 *(.data*)
 *(.rodata)
 *(.rodata*)
 *(.gnu.linkonce.d*)
                0x00800060                . = ALIGN (0x2)
                0x00800060                _edata = .
                0x00800060                PROVIDE (__data_end, .)

.bss            0x00800060        0x3
                0x00800060                PROVIDE (__bss_start, .)
 *(.bss)
 .bss           0x00800060        0x0 h:/imt school/imt_sdk_win_64/winavr/bin/../lib/gcc/avr/4.3.3/../../../../avr/lib/avr5/crtm32.o
 .bss           0x00800060        0x0 ./DIO_program.o
 .bss           0x00800060        0x0 ./EXTI0_program.o
 .bss           0x00800060        0x0 ./GIE_programe.o
 .bss           0x00800060        0x0 ./L298_program.o
 .bss           0x00800060        0x0 ./Mine_Detector_main.o
 .bss           0x00800060        0x0 ./UART_program.o
 .bss           0x00800060        0x0 h:/imt school/imt_sdk_win_64/winavr/bin/../lib/gcc/avr/4.3.3/avr5\libgcc.a(_exit.o)
 .bss           0x00800060        0x0 h:/imt school/imt_sdk_win_64/winavr/bin/../lib/gcc/avr/4.3.3/avr5\libgcc.a(_clear_bss.o)
 *(.bss*)
 *(COMMON)
 COMMON         0x00800060        0x2 ./EXTI0_program.o
                0x00800060                EXTI0_CallBack
 COMMON         0x00800062        0x1 ./Mine_Detector_main.o
                0x00800062                Data
                0x00800063                PROVIDE (__bss_end, .)
                0x00000b80                __data_load_start = LOADADDR (.data)
                0x00000b80                __data_load_end = (__data_load_start + SIZEOF (.data))

.noinit         0x00800063        0x0
                0x00800063                PROVIDE (__noinit_start, .)
 *(.noinit*)
                0x00800063                PROVIDE (__noinit_end, .)
                0x00800063                _end = .
                0x00800063                PROVIDE (__heap_start, .)

.eeprom         0x00810000        0x0
 *(.eeprom*)
                0x00810000                __eeprom_end = .

.fuse
 *(.fuse)
 *(.lfuse)
 *(.hfuse)
 *(.efuse)

.lock
 *(.lock*)

.signature
 *(.signature*)

.stab           0x00000000     0x10f8
 *(.stab)
 .stab          0x00000000      0x4b0 ./DIO_program.o
 .stab          0x000004b0      0x210 ./EXTI0_program.o
                                0x294 (size before relaxing)
 .stab          0x000006c0      0x144 ./GIE_programe.o
                                0x1c8 (size before relaxing)
 .stab          0x00000804      0x3c0 ./L298_program.o
                                0x444 (size before relaxing)
 .stab          0x00000bc4      0x2b8 ./Mine_Detector_main.o
                                0x4c8 (size before relaxing)
 .stab          0x00000e7c      0x27c ./UART_program.o
                                0x300 (size before relaxing)

.stabstr        0x00000000      0x9c3
 *(.stabstr)
 .stabstr       0x00000000      0x9c3 ./DIO_program.o

.stab.excl
 *(.stab.excl)

.stab.exclstr
 *(.stab.exclstr)

.stab.index
 *(.stab.index)

.stab.indexstr
 *(.stab.indexstr)

.comment
 *(.comment)

.debug
 *(.debug)

.line
 *(.line)

.debug_srcinfo
 *(.debug_srcinfo)

.debug_sfnames
 *(.debug_sfnames)

.debug_aranges
 *(.debug_aranges)

.debug_pubnames
 *(.debug_pubnames)

.debug_info
 *(.debug_info)
 *(.gnu.linkonce.wi.*)

.debug_abbrev
 *(.debug_abbrev)

.debug_line
 *(.debug_line)

.debug_frame
 *(.debug_frame)

.debug_str
 *(.debug_str)

.debug_loc
 *(.debug_loc)

.debug_macinfo
 *(.debug_macinfo)
OUTPUT(Mine_Detector.elf elf32-avr)
LOAD linker stubs
